// Jest Snapshot v1, https://goo.gl/fbAQLP

exports[`Card test should match the snapshot 1`] = `
ShallowWrapper {
  "length": 1,
  Symbol(enzyme.__root__): [Circular],
  Symbol(enzyme.__unrendered__): <Card
    cardInfo={
        Object {
            "category": "people",
            "favorite": false,
            "homeworld": "Tatooine",
            "name": "Luke Skywalker",
            "population": "200000",
            "selectedClass": "card",
            "species": "Human",
          }
    }
    category="people"
    selectedClass="card selected"
    updateFavorites={[Function]}
/>,
  Symbol(enzyme.__renderer__): Object {
    "batchedUpdates": [Function],
    "getNode": [Function],
    "render": [Function],
    "simulateEvent": [Function],
    "unmount": [Function],
  },
  Symbol(enzyme.__node__): Object {
    "instance": null,
    "key": undefined,
    "nodeType": "host",
    "props": Object {
      "children": Array [
        <section
          className="card-header"
>
          <h2>
                    Luke Skywalker
          </h2>
</section>,
        <section
          className="card-body"
>
          <p>
                    homeworld
                     : 
                    Tatooine
          </p>
          <p>
                    name
                     : 
                    Luke Skywalker
          </p>
          <p>
                    population
                     : 
                    200000
          </p>
          <p
                    className="last"
          >
                    Human
          </p>
          <div
                    className="favorite-container"
          >
                    <button
                              className="favorite"
                              onClick={[Function]}
                    >
                              favorite
                    </button>
          </div>
</section>,
      ],
      "className": "card selected",
    },
    "ref": null,
    "rendered": Array [
      Object {
        "instance": null,
        "key": undefined,
        "nodeType": "host",
        "props": Object {
          "children": <h2>
            Luke Skywalker
</h2>,
          "className": "card-header",
        },
        "ref": null,
        "rendered": Object {
          "instance": null,
          "key": undefined,
          "nodeType": "host",
          "props": Object {
            "children": "Luke Skywalker",
          },
          "ref": null,
          "rendered": "Luke Skywalker",
          "type": "h2",
        },
        "type": "section",
      },
      Object {
        "instance": null,
        "key": undefined,
        "nodeType": "host",
        "props": Object {
          "children": Array [
            <p>
              homeworld
               : 
              Tatooine
</p>,
            <p>
              name
               : 
              Luke Skywalker
</p>,
            <p>
              population
               : 
              200000
</p>,
            <p
              className="last"
>
              Human
</p>,
            <div
              className="favorite-container"
>
              <button
                            className="favorite"
                            onClick={[Function]}
              >
                            favorite
              </button>
</div>,
          ],
          "className": "card-body",
        },
        "ref": null,
        "rendered": Array [
          Object {
            "instance": null,
            "key": undefined,
            "nodeType": "host",
            "props": Object {
              "children": Array [
                "homeworld",
                " : ",
                "Tatooine",
              ],
            },
            "ref": null,
            "rendered": Array [
              "homeworld",
              " : ",
              "Tatooine",
            ],
            "type": "p",
          },
          Object {
            "instance": null,
            "key": undefined,
            "nodeType": "host",
            "props": Object {
              "children": Array [
                "name",
                " : ",
                "Luke Skywalker",
              ],
            },
            "ref": null,
            "rendered": Array [
              "name",
              " : ",
              "Luke Skywalker",
            ],
            "type": "p",
          },
          Object {
            "instance": null,
            "key": undefined,
            "nodeType": "host",
            "props": Object {
              "children": Array [
                "population",
                " : ",
                "200000",
              ],
            },
            "ref": null,
            "rendered": Array [
              "population",
              " : ",
              "200000",
            ],
            "type": "p",
          },
          Object {
            "instance": null,
            "key": undefined,
            "nodeType": "host",
            "props": Object {
              "children": "Human",
              "className": "last",
            },
            "ref": null,
            "rendered": "Human",
            "type": "p",
          },
          Object {
            "instance": null,
            "key": undefined,
            "nodeType": "host",
            "props": Object {
              "children": <button
                className="favorite"
                onClick={[Function]}
>
                favorite
</button>,
              "className": "favorite-container",
            },
            "ref": null,
            "rendered": Object {
              "instance": null,
              "key": undefined,
              "nodeType": "host",
              "props": Object {
                "children": "favorite",
                "className": "favorite",
                "onClick": [Function],
              },
              "ref": null,
              "rendered": "favorite",
              "type": "button",
            },
            "type": "div",
          },
        ],
        "type": "section",
      },
    ],
    "type": "article",
  },
  Symbol(enzyme.__nodes__): Array [
    Object {
      "instance": null,
      "key": undefined,
      "nodeType": "host",
      "props": Object {
        "children": Array [
          <section
            className="card-header"
>
            <h2>
                        Luke Skywalker
            </h2>
</section>,
          <section
            className="card-body"
>
            <p>
                        homeworld
                         : 
                        Tatooine
            </p>
            <p>
                        name
                         : 
                        Luke Skywalker
            </p>
            <p>
                        population
                         : 
                        200000
            </p>
            <p
                        className="last"
            >
                        Human
            </p>
            <div
                        className="favorite-container"
            >
                        <button
                                    className="favorite"
                                    onClick={[Function]}
                        >
                                    favorite
                        </button>
            </div>
</section>,
        ],
        "className": "card selected",
      },
      "ref": null,
      "rendered": Array [
        Object {
          "instance": null,
          "key": undefined,
          "nodeType": "host",
          "props": Object {
            "children": <h2>
              Luke Skywalker
</h2>,
            "className": "card-header",
          },
          "ref": null,
          "rendered": Object {
            "instance": null,
            "key": undefined,
            "nodeType": "host",
            "props": Object {
              "children": "Luke Skywalker",
            },
            "ref": null,
            "rendered": "Luke Skywalker",
            "type": "h2",
          },
          "type": "section",
        },
        Object {
          "instance": null,
          "key": undefined,
          "nodeType": "host",
          "props": Object {
            "children": Array [
              <p>
                homeworld
                 : 
                Tatooine
</p>,
              <p>
                name
                 : 
                Luke Skywalker
</p>,
              <p>
                population
                 : 
                200000
</p>,
              <p
                className="last"
>
                Human
</p>,
              <div
                className="favorite-container"
>
                <button
                                className="favorite"
                                onClick={[Function]}
                >
                                favorite
                </button>
</div>,
            ],
            "className": "card-body",
          },
          "ref": null,
          "rendered": Array [
            Object {
              "instance": null,
              "key": undefined,
              "nodeType": "host",
              "props": Object {
                "children": Array [
                  "homeworld",
                  " : ",
                  "Tatooine",
                ],
              },
              "ref": null,
              "rendered": Array [
                "homeworld",
                " : ",
                "Tatooine",
              ],
              "type": "p",
            },
            Object {
              "instance": null,
              "key": undefined,
              "nodeType": "host",
              "props": Object {
                "children": Array [
                  "name",
                  " : ",
                  "Luke Skywalker",
                ],
              },
              "ref": null,
              "rendered": Array [
                "name",
                " : ",
                "Luke Skywalker",
              ],
              "type": "p",
            },
            Object {
              "instance": null,
              "key": undefined,
              "nodeType": "host",
              "props": Object {
                "children": Array [
                  "population",
                  " : ",
                  "200000",
                ],
              },
              "ref": null,
              "rendered": Array [
                "population",
                " : ",
                "200000",
              ],
              "type": "p",
            },
            Object {
              "instance": null,
              "key": undefined,
              "nodeType": "host",
              "props": Object {
                "children": "Human",
                "className": "last",
              },
              "ref": null,
              "rendered": "Human",
              "type": "p",
            },
            Object {
              "instance": null,
              "key": undefined,
              "nodeType": "host",
              "props": Object {
                "children": <button
                  className="favorite"
                  onClick={[Function]}
>
                  favorite
</button>,
                "className": "favorite-container",
              },
              "ref": null,
              "rendered": Object {
                "instance": null,
                "key": undefined,
                "nodeType": "host",
                "props": Object {
                  "children": "favorite",
                  "className": "favorite",
                  "onClick": [Function],
                },
                "ref": null,
                "rendered": "favorite",
                "type": "button",
              },
              "type": "div",
            },
          ],
          "type": "section",
        },
      ],
      "type": "article",
    },
  ],
  Symbol(enzyme.__options__): Object {
    "adapter": ReactSixteenAdapter {
      "options": Object {
        "enableComponentDidUpdateOnSetState": true,
      },
    },
  },
}
`;
