// Jest Snapshot v1, https://goo.gl/fbAQLP

exports[`Scroller should match a snapshot 1`] = `
ShallowWrapper {
  "length": 1,
  Symbol(enzyme.__root__): [Circular],
  Symbol(enzyme.__unrendered__): <Scroller
    filmsInfo={
        Object {
            "date": "Movie-Release-Date",
            "scroll": "Some movie scroll",
            "title": "test-title",
          }
    }
/>,
  Symbol(enzyme.__renderer__): Object {
    "batchedUpdates": [Function],
    "getNode": [Function],
    "render": [Function],
    "simulateEvent": [Function],
    "unmount": [Function],
  },
  Symbol(enzyme.__node__): Object {
    "instance": null,
    "key": undefined,
    "nodeType": "host",
    "props": Object {
      "children": Array [
        <div
          className="fade"
/>,
        <section
          className="star-wars"
>
          <div
                    className="crawl"
          >
                    <div
                              className="title"
                    >
                              <h1>
                                        test-title
                              </h1>
                              <p>
                                        Movie-Release-Date
                              </p>
                    </div>
                    <p>
                              Some movie scroll
                    </p>
          </div>
</section>,
      ],
    },
    "ref": null,
    "rendered": Array [
      Object {
        "instance": null,
        "key": undefined,
        "nodeType": "host",
        "props": Object {
          "className": "fade",
        },
        "ref": null,
        "rendered": null,
        "type": "div",
      },
      Object {
        "instance": null,
        "key": undefined,
        "nodeType": "host",
        "props": Object {
          "children": <div
            className="crawl"
>
            <div
                        className="title"
            >
                        <h1>
                                    test-title
                        </h1>
                        <p>
                                    Movie-Release-Date
                        </p>
            </div>
            <p>
                        Some movie scroll
            </p>
</div>,
          "className": "star-wars",
        },
        "ref": null,
        "rendered": Object {
          "instance": null,
          "key": undefined,
          "nodeType": "host",
          "props": Object {
            "children": Array [
              <div
                className="title"
>
                <h1>
                                test-title
                </h1>
                <p>
                                Movie-Release-Date
                </p>
</div>,
              <p>
                Some movie scroll
</p>,
            ],
            "className": "crawl",
          },
          "ref": null,
          "rendered": Array [
            Object {
              "instance": null,
              "key": undefined,
              "nodeType": "host",
              "props": Object {
                "children": Array [
                  <h1>
                    test-title
</h1>,
                  <p>
                    Movie-Release-Date
</p>,
                ],
                "className": "title",
              },
              "ref": null,
              "rendered": Array [
                Object {
                  "instance": null,
                  "key": undefined,
                  "nodeType": "host",
                  "props": Object {
                    "children": "test-title",
                  },
                  "ref": null,
                  "rendered": "test-title",
                  "type": "h1",
                },
                Object {
                  "instance": null,
                  "key": undefined,
                  "nodeType": "host",
                  "props": Object {
                    "children": "Movie-Release-Date",
                  },
                  "ref": null,
                  "rendered": "Movie-Release-Date",
                  "type": "p",
                },
              ],
              "type": "div",
            },
            Object {
              "instance": null,
              "key": undefined,
              "nodeType": "host",
              "props": Object {
                "children": "Some movie scroll",
              },
              "ref": null,
              "rendered": "Some movie scroll",
              "type": "p",
            },
          ],
          "type": "div",
        },
        "type": "section",
      },
    ],
    "type": "div",
  },
  Symbol(enzyme.__nodes__): Array [
    Object {
      "instance": null,
      "key": undefined,
      "nodeType": "host",
      "props": Object {
        "children": Array [
          <div
            className="fade"
/>,
          <section
            className="star-wars"
>
            <div
                        className="crawl"
            >
                        <div
                                    className="title"
                        >
                                    <h1>
                                                test-title
                                    </h1>
                                    <p>
                                                Movie-Release-Date
                                    </p>
                        </div>
                        <p>
                                    Some movie scroll
                        </p>
            </div>
</section>,
        ],
      },
      "ref": null,
      "rendered": Array [
        Object {
          "instance": null,
          "key": undefined,
          "nodeType": "host",
          "props": Object {
            "className": "fade",
          },
          "ref": null,
          "rendered": null,
          "type": "div",
        },
        Object {
          "instance": null,
          "key": undefined,
          "nodeType": "host",
          "props": Object {
            "children": <div
              className="crawl"
>
              <div
                            className="title"
              >
                            <h1>
                                          test-title
                            </h1>
                            <p>
                                          Movie-Release-Date
                            </p>
              </div>
              <p>
                            Some movie scroll
              </p>
</div>,
            "className": "star-wars",
          },
          "ref": null,
          "rendered": Object {
            "instance": null,
            "key": undefined,
            "nodeType": "host",
            "props": Object {
              "children": Array [
                <div
                  className="title"
>
                  <h1>
                                    test-title
                  </h1>
                  <p>
                                    Movie-Release-Date
                  </p>
</div>,
                <p>
                  Some movie scroll
</p>,
              ],
              "className": "crawl",
            },
            "ref": null,
            "rendered": Array [
              Object {
                "instance": null,
                "key": undefined,
                "nodeType": "host",
                "props": Object {
                  "children": Array [
                    <h1>
                      test-title
</h1>,
                    <p>
                      Movie-Release-Date
</p>,
                  ],
                  "className": "title",
                },
                "ref": null,
                "rendered": Array [
                  Object {
                    "instance": null,
                    "key": undefined,
                    "nodeType": "host",
                    "props": Object {
                      "children": "test-title",
                    },
                    "ref": null,
                    "rendered": "test-title",
                    "type": "h1",
                  },
                  Object {
                    "instance": null,
                    "key": undefined,
                    "nodeType": "host",
                    "props": Object {
                      "children": "Movie-Release-Date",
                    },
                    "ref": null,
                    "rendered": "Movie-Release-Date",
                    "type": "p",
                  },
                ],
                "type": "div",
              },
              Object {
                "instance": null,
                "key": undefined,
                "nodeType": "host",
                "props": Object {
                  "children": "Some movie scroll",
                },
                "ref": null,
                "rendered": "Some movie scroll",
                "type": "p",
              },
            ],
            "type": "div",
          },
          "type": "section",
        },
      ],
      "type": "div",
    },
  ],
  Symbol(enzyme.__options__): Object {
    "adapter": ReactSixteenAdapter {
      "options": Object {
        "enableComponentDidUpdateOnSetState": true,
      },
    },
  },
}
`;
