// Jest Snapshot v1, https://goo.gl/fbAQLP

exports[`renders without crashing 1`] = `
ShallowWrapper {
  "length": 1,
  Symbol(enzyme.__root__): [Circular],
  Symbol(enzyme.__unrendered__): <AudioPlayer />,
  Symbol(enzyme.__renderer__): Object {
    "batchedUpdates": [Function],
    "getNode": [Function],
    "render": [Function],
    "simulateEvent": [Function],
    "unmount": [Function],
  },
  Symbol(enzyme.__node__): Object {
    "instance": null,
    "key": undefined,
    "nodeType": "host",
    "props": Object {
      "children": <audio
        autoPlay={true}
        className="mainAudio"
        loop={true}
>
        <source
                src="23-The-Jedi-Steps-and-Finale.mp3"
        />
</audio>,
    },
    "ref": null,
    "rendered": Object {
      "instance": null,
      "key": undefined,
      "nodeType": "host",
      "props": Object {
        "autoPlay": true,
        "children": <source
          src="23-The-Jedi-Steps-and-Finale.mp3"
/>,
        "className": "mainAudio",
        "loop": true,
      },
      "ref": null,
      "rendered": Object {
        "instance": null,
        "key": undefined,
        "nodeType": "host",
        "props": Object {
          "src": "23-The-Jedi-Steps-and-Finale.mp3",
        },
        "ref": null,
        "rendered": null,
        "type": "source",
      },
      "type": "audio",
    },
    "type": "div",
  },
  Symbol(enzyme.__nodes__): Array [
    Object {
      "instance": null,
      "key": undefined,
      "nodeType": "host",
      "props": Object {
        "children": <audio
          autoPlay={true}
          className="mainAudio"
          loop={true}
>
          <source
                    src="23-The-Jedi-Steps-and-Finale.mp3"
          />
</audio>,
      },
      "ref": null,
      "rendered": Object {
        "instance": null,
        "key": undefined,
        "nodeType": "host",
        "props": Object {
          "autoPlay": true,
          "children": <source
            src="23-The-Jedi-Steps-and-Finale.mp3"
/>,
          "className": "mainAudio",
          "loop": true,
        },
        "ref": null,
        "rendered": Object {
          "instance": null,
          "key": undefined,
          "nodeType": "host",
          "props": Object {
            "src": "23-The-Jedi-Steps-and-Finale.mp3",
          },
          "ref": null,
          "rendered": null,
          "type": "source",
        },
        "type": "audio",
      },
      "type": "div",
    },
  ],
  Symbol(enzyme.__options__): Object {
    "adapter": ReactSixteenAdapter {
      "options": Object {
        "enableComponentDidUpdateOnSetState": true,
      },
    },
  },
}
`;
